
> f-bstore@0.0.0 build
> tsc -b && vite build

[36mvite v8.0.7 [32mbuilding client environment for production...[36m[39m
[2K
transforming...Ô£ô 40 modules transformed.
node.exe : [33m[lightningcss minify] Unknown at rule: @tailwind
En línea: 1 Carácter: 1
+ & "C:\Program Files\nodejs/node.exe" "C:\Program Files\nodejs/node_mo ...
+ ~~~~~~~~~~~~~~~~~~~~~~~~~~~~~~~~~~~~~~~~~~~~~~~~~~~~~~~~~~~~~~~~~~~~~
    + CategoryInfo          : NotSpecified: ([33m[lightning...rule: @tailwind 
   :String) [], RemoteException
    + FullyQualifiedErrorId : NativeCommandError
 
1  |  @tailwind base;
   |           ^
2  |  @tailwind components;
3  |  @tailwind utilities;[39m
[33m[lightningcss minify] Unknown at rule: @tailwind
1  |  @tailwind base;
2  |  @tailwind components;
   |           ^
3  |  @tailwind utilities;
4  |  [39m
[33m[lightningcss minify] Unknown at rule: @tailwind
1  |  @tailwind base;
2  |  @tailwind components;
3  |  @tailwind utilities;
   |           ^
4  |  
5  |  * {[39m
[33m[lightningcss minify] Unknown at rule: @apply
4  |  
5  |  * {
6  |    @apply m-0 p-0 box-border;
   |          ^
7  |  }
8  |  [39m
[33m[lightningcss minify] Unknown at rule: @apply
8  |  
9  |  body {
10 |    @apply bg-white text-gray-900;
   |          ^
11 |  }
12 |  [39m
[33m[lightningcss minify] Unknown at rule: @apply
12 |  
13 |  html {
14 |    @apply scroll-smooth;
   |          ^
15 |  }
16 |  [39m
rendering chunks...
computing gzip size...
dist/index.html                          0.54 kB Ôöé gzip:  0.32 kB
dist/assets/index-BJ1VhAQa.css           0.13 kB Ôöé gzip:  0.11 kB
dist/assets/Checkout-VQt16hfe.js         0.20 kB Ôöé gzip:  0.17 kB
dist/assets/Dashboard-DXbfbaNO.js        0.21 kB Ôöé gzip:  0.17 kB
dist/assets/Products-C2SzBddG.js         0.21 kB Ôöé gzip:  0.17 kB
dist/assets/Cart-B7x9AOZC.js             0.21 kB Ôöé gzip:  0.18 kB
dist/assets/ProductDetail-CPHc3JoR.js    0.22 kB Ôöé gzip:  0.18 kB
dist/assets/Home-DyTIMAQk.js             0.26 kB Ôöé gzip:  0.21 kB
dist/assets/Register-4NRq1_xj.js         0.33 kB Ôöé gzip:  0.23 kB
dist/assets/Login-xDhAKKCV.js            0.33 kB Ôöé gzip:  0.24 kB
dist/assets/NotFound-CMwMjyZm.js         0.40 kB Ôöé gzip:  0.26 kB
dist/assets/jsx-runtime-DAs1UGHr.js      0.93 kB Ôöé gzip:  0.54 kB
dist/assets/index-Bk2pJmjN.js          235.84 kB Ôöé gzip: 75.36 kB

[32mÔ£ô built in 241ms[39m
